// Jest Snapshot v1, https://goo.gl/fbAQLP

exports[`matches snapshot 1`] = `
<DocumentFragment>
  <div
    class="Card JobCard"
  >
    <h3 />
    <p>
      Salary: 
    </p>
    <p>
      Equity: 
    </p>
    <button
      class="JobCard-apply"
    >
      Apply
    </button>
  </div>
</DocumentFragment>
`;
