// Jest Snapshot v1, https://goo.gl/fbAQLP

exports[`matches snapshot 1`] = `
<DocumentFragment>
  <div
    class="Home"
  >
    <h1>
      Jobly
    </h1>
    <p>
      Welcome back, test!
    </p>
  </div>
</DocumentFragment>
`;
