// Jest Snapshot v1, https://goo.gl/fbAQLP

exports[`matches snapshot 1`] = `
<DocumentFragment>
  <form
    class="SearchBar"
  >
    <input
      class="SearchBar-input"
      placeholder="Search term..."
      value=""
    />
  </form>
</DocumentFragment>
`;
